Microchip MPLAB XC8 Compiler V2.40

Linker command line:

-W-3 \
  --edf=C:\Program Files\Microchip\xc8\v2.40\pic\dat\20220703182018_en.msgs \
  -cn -h+dist/default/production\NA_ST_v2.production.sym \
  --cmf=dist/default/production\NA_ST_v2.production.cmf -z -Q18F452 \
  -oC:\Users\TIBORS~1\AppData\Local\Temp\xcAs6jk.4 --defsym=__MPLAB_BUILD=1 \
  --fixupoverflow=error -Mdist/default/production/NA_ST_v2.production.map \
  --md=C:\Users\TIBORS~1\AppData\Local\Temp\xcAs6jk.dat -E1 \
  -ver=XC8 Compiler --acfsm=1493 -ACODE=00h-03FFFhx2 -ACONST=00h-07FFFh \
  -ASMALLCONST=0600h-06FFhx122 -AMEDIUMCONST=0600h-07FFFh -ACOMRAM=01h-07Fh \
  -AABS1=00h-05FFh -ABIGRAM=01h-05FFh -ARAM=080h-0FFh,0100h-01FFhx5 \
  -ABANK0=080h-0FFh -ABANK1=0100h-01FFh -ABANK2=0200h-02FFh \
  -ABANK3=0300h-03FFh -ABANK4=0400h-04FFh -ABANK5=0500h-05FFh \
  -ASFR=0F80h-0FFFh -ABIGSFR=0F80h-0FFFh -ACONFIG=0300000h-030000Dh \
  -AIDLOC=0200000h-0200007h -AEEDATA=0F00000h-0F000FFh -peeprom_data=EEDATA \
  -preset_vec=00h,intcode,intcodelo,powerup,init -pramtop=0600h \
  -psmallconst=SMALLCONST -pmediumconst=MEDIUMCONST -pconst=CONST \
  -AFARRAM=00h-00h \
  -prdata=COMRAM,nvrram=COMRAM,nvbit=COMRAM,rbss=COMRAM,rbit=COMRAM \
  -pfarbss=FARRAM,fardata=FARRAM,nvFARRAM=FARRAM \
  -pintsave_regs=BIGRAM,bigbss=BIGRAM,bigdata=BIGRAM -pbss=RAM \
  -pidata=CODE,irdata=CODE,ibigdata=CODE,ifardata=CODE -prparam=COMRAM \
  C:\Users\TIBORS~1\AppData\Local\Temp\xcAs6jk.o \
  dist/default/production\NA_ST_v2.production.o 

Object code version is 3.11

Machine type is 18F452



                Name                               Link     Load   Length Selector   Space Scale
C:\Users\TIBORS~1\AppData\Local\Temp\xcAs6jk.o
                idloc                            200000   200000        8        0       5
                config                           300000   300000        E        0       4
                text                               1B7A     1B7A        2      349       0
                init                                  2        2        4        0       0
                reset_vec                             0        0        2        0       0
dist/default/production\NA_ST_v2.production.o
                idloc                            200000   200000        8        0       5
                config                           300000   300000        E        0       4
                smallconst                          600      600       92      300       0
                text30                             1B78     1B78        2      349       0
                text29                             1B22     1B22       1C      349       0
                text28                             1B00     1B00       22      349       0
                text27                             1ADE     1ADE       22      349       0
                text26                             1ABC     1ABC       22      349       0
                text25                             1A9A     1A9A       22      349       0
                text24                             1796     1796       68      349       0
                text23                             1B58     1B58       12      349       0
                text22                             1A42     1A42       36      349       0
                text21                             1696     1696       8C      349       0
                text20                             1394     1394       F0      349       0
                text19                             1722     1722       74      349       0
                text18                             17FE     17FE       60      349       0
                text17                              F0A      F0A      19A      349       0
                text16                             1A78     1A78       22      349       0
                text15                             18BA     18BA       58      349       0
                text14                             1566     1566       A2      349       0
                text13                             1B3E     1B3E       1A      349       0
                text12                              D56      D56      1B4      349       0
                text11                             10A4     10A4      190      349       0
                text10                             19B4     19B4       4C      349       0
                text9                              1B72     1B72        6      349       0
                text8                              1484     1484       E2      349       0
                text7                              1964     1964       50      349       0
                text6                              1608     1608       8E      349       0
                text5                               692      692      2B8      349       0
                text4                               B9A      B9A      1BC      349       0
                text3                               94A      94A      250      349       0
                text2                              185E     185E       5C      349       0
                text1                              1912     1912       52      349       0
                text0                              1234     1234      160      349       0
                cstackCOMRAM                          1        1       77        1       1
                dataBANK0                            C9       C9        8       80       1
                bssBANK0                             80       80       49       80       1
                bssCOMRAM                            78       78        8        1       1
                cinit                              1A00     1A00       42      349       0
                idataBANK0                         1B6A     1B6A        8      349       0

TOTAL           Name                               Link     Load   Length     Space
        CLASS   CODE           
                text                               1B7A     1B7A        2         0
                init                                  2        2        4         0
                reset_vec                             0        0        2         0
                text30                             1B78     1B78        2         0
                text29                             1B22     1B22       1C         0
                text28                             1B00     1B00       22         0
                text27                             1ADE     1ADE       22         0
                text26                             1ABC     1ABC       22         0
                text25                             1A9A     1A9A       22         0
                text24                             1796     1796       68         0
                text23                             1B58     1B58       12         0
                text22                             1A42     1A42       36         0
                text21                             1696     1696       8C         0
                text20                             1394     1394       F0         0
                text19                             1722     1722       74         0
                text18                             17FE     17FE       60         0
                text17                              F0A      F0A      19A         0
                text16                             1A78     1A78       22         0
                text15                             18BA     18BA       58         0
                text14                             1566     1566       A2         0
                text13                             1B3E     1B3E       1A         0
                text12                              D56      D56      1B4         0
                text11                             10A4     10A4      190         0
                text10                             19B4     19B4       4C         0
                text9                              1B72     1B72        6         0
                text8                              1484     1484       E2         0
                text7                              1964     1964       50         0
                text6                              1608     1608       8E         0
                text5                               692      692      2B8         0
                text4                               B9A      B9A      1BC         0
                text3                               94A      94A      250         0
                text2                              185E     185E       5C         0
                text1                              1912     1912       52         0
                text0                              1234     1234      160         0
                cinit                              1A00     1A00       42         0
                idataBANK0                         1B6A     1B6A        8         0

        CLASS   CONST          

        CLASS   SMALLCONST     
                smallconst                          600      600       92         0

        CLASS   MEDIUMCONST    

        CLASS   COMRAM         
                cstackCOMRAM                          1        1       77         1
                bssCOMRAM                            78       78        8         1

        CLASS   ABS1           

        CLASS   BIGRAM         

        CLASS   RAM            

        CLASS   BANK0          
                dataBANK0                            C9       C9        8         1
                bssBANK0                             80       80       49         1

        CLASS   BANK1          

        CLASS   BANK2          

        CLASS   BANK3          

        CLASS   BANK4          

        CLASS   BANK5          

        CLASS   SFR            

        CLASS   BIGSFR         

        CLASS   CONFIG         
                config                           300000   300000        E         4

        CLASS   IDLOC          
                idloc                            200000   200000        8         5

        CLASS   EEDATA         

        CLASS   FARRAM         

        CLASS   HEAP           

        CLASS   STACK          



SEGMENTS        Name                           Load    Length   Top    Selector   Space  Class

                reset_vec                      000000  000006  000006         0       0  CODE    
                cstackCOMRAM                   000001  00007F  000080         1       1  COMRAM  
                bssBANK0                       000080  000051  0000D1        80       1  BANK0   
                smallconst                     000600  000092  000692       300       0  SMALLCON
                text5                          000692  0014EA  001B7C       349       0  CODE    


UNUSED ADDRESS RANGES

        Name                Unused          Largest block    Delta
        BANK0            0000D1-0000FF               2F
        BANK1            000100-0001FF              100
        BANK2            000200-0002FF              100
        BANK3            000300-0003FF              100
        BANK4            000400-0004FF              100
        BANK5            000500-0005FF              100
        BIGRAM           0000D1-0005FF              52F
        BIGSFR           000F80-000FFF               80
        CODE             000006-0005FF              5FA
                         001B7C-007FFF             2484
        CONST            000006-0005FF              5FA
                         001B7C-007FFF             6484
        EEDATA           F00000-F000FF              100
        MEDIUMCONST      001B7C-007FFF             6484
        RAM              0000D1-0005FF              100
        SFR              000F80-000FFF               80
        SMALLCONST       001B7C-007FFF              100

                                  Symbol Table

?___aodiv                                                     cstackCOMRAM 000001
?___aomod                                                     cstackCOMRAM 000001
?_abs                                                         cstackCOMRAM 000013
?_eeprom_93c46_read                                           cstackCOMRAM 000001
?_get_pressed_button                                          cstackCOMRAM 000003
?_get_pressed_button_col                                      cstackCOMRAM 000001
?_sprintf                                                     cstackCOMRAM 00005B
?_vfprintf                                                    cstackCOMRAM 000053
_INTCON2bits                                                  (abs)        000FF1
_LATBbits                                                     (abs)        000F8A
_LATD                                                         (abs)        000F8C
_LATDbits                                                     (abs)        000F8C
_LATEbits                                                     (abs)        000F8D
_PORTAbits                                                    (abs)        000F80
_PORTBbits                                                    (abs)        000F81
_PORTCbits                                                    (abs)        000F82
_PORTDbits                                                    (abs)        000F83
_TRISA                                                        (abs)        000F92
_TRISAbits                                                    (abs)        000F92
_TRISB                                                        (abs)        000F93
_TRISCbits                                                    (abs)        000F94
_TRISD                                                        (abs)        000F95
_TRISEbits                                                    (abs)        000F96
__HRAM                                                        (abs)        000000
__Habs1                                                       abs1         000000
__Hbank0                                                      bank0        000000
__Hbank1                                                      bank1        000000
__Hbank2                                                      bank2        000000
__Hbank3                                                      bank3        000000
__Hbank4                                                      bank4        000000
__Hbank5                                                      bank5        000000
__Hbigbss                                                     bigbss       000000
__Hbigdata                                                    bigdata      000000
__Hbigram                                                     bigram       000000
__Hbigsfr                                                     bigsfr       000000
__Hbss                                                        bss          000000
__HbssBANK0                                                   bssBANK0     000000
__HbssCOMRAM                                                  bssCOMRAM    000000
__Hcinit                                                      cinit        000000
__Hclrtext                                                    clrtext      000000
__Hcomram                                                     comram       000000
__Hconfig                                                     config       30000E
__Hconst                                                      const        000000
__HcstackCOMRAM                                               cstackCOMRAM 000000
__Hdata                                                       data         000000
__HdataBANK0                                                  dataBANK0    000000
__Heeprom_data                                                eeprom_data  000000
__Hfarbss                                                     farbss       000000
__Hfardata                                                    fardata      000000
__Hheap                                                       heap         000000
__Hibigdata                                                   ibigdata     000000
__Hidata                                                      idata        000000
__HidataBANK0                                                 idataBANK0   000000
__Hidloc                                                      idloc        200008
__Hifardata                                                   ifardata     000000
__Hinit                                                       init         000006
__Hintcode                                                    intcode      000002
__Hintcode_body                                               intcode_body 000000
__Hintcodelo                                                  intcodelo    000002
__Hintentry                                                   intentry     000000
__Hintret                                                     intret       000000
__Hintsave_regs                                               intsave_regs 000000
__Hirdata                                                     irdata       000000
__Hmediumconst                                                mediumconst  000000
__HnvFARRAM                                                   nvFARRAM     000000
__Hnvbit                                                      nvbit        000000
__Hnvrram                                                     nvrram       000000
__Hparam                                                      rparam       000000
__Hpowerup                                                    powerup      000002
__Hram                                                        ram          000000
__Hramtop                                                     ramtop       000600
__Hrbit                                                       rbit         000000
__Hrbss                                                       rbss         000000
__Hrdata                                                      rdata        000000
__Hreset_vec                                                  reset_vec    000002
__Hrparam                                                     rparam       000000
__Hsfr                                                        sfr          000000
__Hsmallconst                                                 smallconst   000692
__Hspace_0                                                    (abs)        001B7C
__Hspace_1                                                    (abs)        0000D1
__Hspace_2                                                    (abs)        000000
__Hspace_4                                                    (abs)        60000E
__Hstack                                                      stack        000000
__Hstruct                                                     struct       000000
__Htemp                                                       temp         000000
__Htext                                                       text         000000
__Htext0                                                      text0        000000
__Htext1                                                      text1        000000
__Htext10                                                     text10       000000
__Htext11                                                     text11       000000
__Htext12                                                     text12       000000
__Htext13                                                     text13       000000
__Htext14                                                     text14       000000
__Htext15                                                     text15       000000
__Htext16                                                     text16       000000
__Htext17                                                     text17       000000
__Htext18                                                     text18       000000
__Htext19                                                     text19       000000
__Htext2                                                      text2        000000
__Htext20                                                     text20       000000
__Htext21                                                     text21       000000
__Htext22                                                     text22       000000
__Htext23                                                     text23       000000
__Htext24                                                     text24       000000
__Htext25                                                     text25       000000
__Htext26                                                     text26       000000
__Htext27                                                     text27       000000
__Htext28                                                     text28       000000
__Htext29                                                     text29       000000
__Htext3                                                      text3        000000
__Htext30                                                     text30       000000
__Htext4                                                      text4        000000
__Htext5                                                      text5        000000
__Htext6                                                      text6        000000
__Htext7                                                      text7        000000
__Htext8                                                      text8        000000
__Htext9                                                      text9        000000
__LRAM                                                        (abs)        000001
__Labs1                                                       abs1         000000
__Lbank0                                                      bank0        000000
__Lbank1                                                      bank1        000000
__Lbank2                                                      bank2        000000
__Lbank3                                                      bank3        000000
__Lbank4                                                      bank4        000000
__Lbank5                                                      bank5        000000
__Lbigbss                                                     bigbss       000000
__Lbigdata                                                    bigdata      000000
__Lbigram                                                     bigram       000000
__Lbigsfr                                                     bigsfr       000000
__Lbss                                                        bss          000000
__LbssBANK0                                                   bssBANK0     000000
__LbssCOMRAM                                                  bssCOMRAM    000000
__Lcinit                                                      cinit        000000
__Lclrtext                                                    clrtext      000000
__Lcomram                                                     comram       000000
__Lconfig                                                     config       000000
__Lconst                                                      const        000000
__LcstackCOMRAM                                               cstackCOMRAM 000000
__Ldata                                                       data         000000
__LdataBANK0                                                  dataBANK0    000000
__Leeprom_data                                                eeprom_data  000000
__Lfarbss                                                     farbss       000000
__Lfardata                                                    fardata      000000
__Lheap                                                       heap         000000
__Libigdata                                                   ibigdata     000000
__Lidata                                                      idata        000000
__LidataBANK0                                                 idataBANK0   000000
__Lidloc                                                      idloc        000000
__Lifardata                                                   ifardata     000000
__Linit                                                       init         000002
__Lintcode                                                    intcode      000002
__Lintcode_body                                               intcode_body 000000
__Lintcodelo                                                  intcodelo    000002
__Lintentry                                                   intentry     000000
__Lintret                                                     intret       000000
__Lintsave_regs                                               intsave_regs 000000
__Lirdata                                                     irdata       000000
__Lmediumconst                                                mediumconst  000000
__LnvFARRAM                                                   nvFARRAM     000000
__Lnvbit                                                      nvbit        000000
__Lnvrram                                                     nvrram       000000
__Lparam                                                      rparam       000000
__Lpowerup                                                    powerup      000002
__Lram                                                        ram          000000
__Lramtop                                                     ramtop       000600
__Lrbit                                                       rbit         000000
__Lrbss                                                       rbss         000000
__Lrdata                                                      rdata        000000
__Lreset_vec                                                  reset_vec    000000
__Lrparam                                                     rparam       000000
__Lsfr                                                        sfr          000000
__Lsmallconst                                                 smallconst   000600
__Lspace_0                                                    (abs)        000000
__Lspace_1                                                    (abs)        000000
__Lspace_2                                                    (abs)        000000
__Lspace_4                                                    (abs)        000000
__Lstack                                                      stack        000000
__Lstruct                                                     struct       000000
__Ltemp                                                       temp         000000
__Ltext                                                       text         000000
__Ltext0                                                      text0        000000
__Ltext1                                                      text1        000000
__Ltext10                                                     text10       000000
__Ltext11                                                     text11       000000
__Ltext12                                                     text12       000000
__Ltext13                                                     text13       000000
__Ltext14                                                     text14       000000
__Ltext15                                                     text15       000000
__Ltext16                                                     text16       000000
__Ltext17                                                     text17       000000
__Ltext18                                                     text18       000000
__Ltext19                                                     text19       000000
__Ltext2                                                      text2        000000
__Ltext20                                                     text20       000000
__Ltext21                                                     text21       000000
__Ltext22                                                     text22       000000
__Ltext23                                                     text23       000000
__Ltext24                                                     text24       000000
__Ltext25                                                     text25       000000
__Ltext26                                                     text26       000000
__Ltext27                                                     text27       000000
__Ltext28                                                     text28       000000
__Ltext29                                                     text29       000000
__Ltext3                                                      text3        000000
__Ltext30                                                     text30       000000
__Ltext4                                                      text4        000000
__Ltext5                                                      text5        000000
__Ltext6                                                      text6        000000
__Ltext7                                                      text7        000000
__Ltext8                                                      text8        000000
__Ltext9                                                      text9        000000
__S0                                                          (abs)        001B7C
__S1                                                          (abs)        0000D1
__S4                                                          (abs)        000000
__S5                                                          (abs)        000000
___aodiv                                                      text12       000D56
___aodiv@counter                                              cstackCOMRAM 000011
___aodiv@dividend                                             cstackCOMRAM 000001
___aodiv@divisor                                              cstackCOMRAM 000009
___aodiv@quotient                                             cstackCOMRAM 000013
___aodiv@sign                                                 cstackCOMRAM 000012
___aomod                                                      text11       0010A4
___aomod@counter                                              cstackCOMRAM 000011
___aomod@dividend                                             cstackCOMRAM 000001
___aomod@divisor                                              cstackCOMRAM 000009
___aomod@sign                                                 cstackCOMRAM 000012
___heap_hi                                                    (abs)        000000
___heap_lo                                                    (abs)        000000
___inthi_sp                                                   stack        000000
___intlo_sp                                                   stack        000000
___param_bank                                                 (abs)        000000
___rparam_used                                                (abs)        000001
___sp                                                         stack        000000
__accesstop                                                   (abs)        000080
__activetblptr                                                (abs)        000002
__cntErrataNOP_C:\Users\TIBORS~1\AppData\Local\Temp\xcAs6jk.o (abs)        000001
__cntErrataNOP_dist/default/production\NA_ST_v2.production.o  (abs)        000107
__end_of_L1                                                   smallconst   00065D
__end_of_L2                                                   smallconst   000659
__end_of_L3                                                   smallconst   000655
__end_of_L4                                                   smallconst   000651
__end_of_L5                                                   smallconst   00064D
__end_of_L6                                                   smallconst   000649
__end_of_P1                                                   smallconst   000645
__end_of_P2                                                   smallconst   000641
__end_of_P3                                                   smallconst   00063D
__end_of_P4                                                   smallconst   000639
__end_of_P5                                                   smallconst   000635
__end_of___aodiv                                              text12       000F0A
__end_of___aomod                                              text11       001234
__end_of__initialization                                      cinit        001A38
__end_of_abs                                                  text10       001A00
__end_of_bp                                                   smallconst   000671
__end_of_buttons_init                                         text29       001B3E
__end_of_cp                                                   smallconst   000621
__end_of_cp_h                                                 smallconst   00067D
__end_of_cp_l                                                 smallconst   000679
__end_of_debounce_button                                      text24       0017FE
__end_of_debounce_col_0                                       text27       001B00
__end_of_debounce_col_1                                       text26       001ADE
__end_of_debounce_col_2                                       text25       001ABC
__end_of_debounce_col_3                                       text28       001B22
__end_of_dp_h                                                 smallconst   000611
__end_of_dp_l                                                 smallconst   000609
__end_of_dtoa                                                 text5        00094A
__end_of_eeprom_93c46_init                                    text23       001B6A
__end_of_eeprom_93c46_read                                    text22       001A78
__end_of_fputc                                                text8        001566
__end_of_fputs                                                text7        0019B4
__end_of_get_pressed_button                                   text20       001484
__end_of_get_pressed_button_col                               text21       001722
__end_of_huge                                                 smallconst   000665
__end_of_ivln2                                                smallconst   00061D
__end_of_ivln2_h                                              smallconst   000675
__end_of_ivln2_l                                              smallconst   000619
__end_of_lcd_cgram                                            text18       00185E
__end_of_lcd_cls                                              text16       001A9A
__end_of_lcd_data                                             text19       001796
__end_of_lcd_init                                             text15       001912
__end_of_lcd_update                                           text14       001608
__end_of_led_init                                             text13       001B58
__end_of_lg2                                                  smallconst   000631
__end_of_lg2_h                                                smallconst   00062D
__end_of_lg2_l                                                smallconst   000629
__end_of_main                                                 text0        001394
__end_of_memset                                               text17       0010A4
__end_of_ovt                                                  smallconst   000625
__end_of_pad                                                  text6        001696
__end_of_putch                                                text9        001B78
__end_of_sprintf                                              text1        001964
__end_of_tiny                                                 smallconst   000661
__end_of_tiny@sqrtf$F1482                                     smallconst   000615
__end_of_two24                                                smallconst   000669
__end_of_vfpfcnvrt                                            text3        000B9A
__end_of_vfprintf                                             text2        0018BA
__end_of_xtoa                                                 text4        000D56
__initialization                                              cinit        001A00
__mediumconst                                                 mediumconst  000000
__pbssBANK0                                                   bssBANK0     000080
__pbssCOMRAM                                                  bssCOMRAM    000078
__pcinit                                                      cinit        001A00
__pcstackCOMRAM                                               cstackCOMRAM 000001
__pdataBANK0                                                  dataBANK0    0000C9
__pidataBANK0                                                 idataBANK0   001B6A
__psmallconst                                                 smallconst   000600
__ptext0                                                      text0        001234
__ptext1                                                      text1        001912
__ptext10                                                     text10       0019B4
__ptext11                                                     text11       0010A4
__ptext12                                                     text12       000D56
__ptext13                                                     text13       001B3E
__ptext14                                                     text14       001566
__ptext15                                                     text15       0018BA
__ptext16                                                     text16       001A78
__ptext17                                                     text17       000F0A
__ptext18                                                     text18       0017FE
__ptext19                                                     text19       001722
__ptext2                                                      text2        00185E
__ptext20                                                     text20       001394
__ptext21                                                     text21       001696
__ptext22                                                     text22       001A42
__ptext23                                                     text23       001B58
__ptext24                                                     text24       001796
__ptext25                                                     text25       001A9A
__ptext26                                                     text26       001ABC
__ptext27                                                     text27       001ADE
__ptext28                                                     text28       001B00
__ptext29                                                     text29       001B22
__ptext3                                                      text3        00094A
__ptext30                                                     text30       001B78
__ptext4                                                      text4        000B9A
__ptext5                                                      text5        000692
__ptext6                                                      text6        001608
__ptext7                                                      text7        001964
__ptext8                                                      text8        001484
__ptext9                                                      text9        001B72
__ramtop                                                      ramtop       000600
__smallconst                                                  smallconst   000600
_abs                                                          text10       0019B4
_buttons_init                                                 text29       001B22
_d                                                            bssCOMRAM    00007A
_dbuf                                                         bssBANK0     0000A9
_debounce_button                                              text24       001796
_debounce_col_0                                               text27       001ADE
_debounce_col_1                                               text26       001ABC
_debounce_col_2                                               text25       001A9A
_debounce_col_3                                               text28       001B00
_debouncers                                                   dataBANK0    0000C9
_dtoa                                                         text5        000692
_dtoa$1287                                                    cstackCOMRAM 00002E
_eeprom_93c46_init                                            text23       001B58
_eeprom_93c46_read                                            text22       001A42
_errno                                                        bssBANK0     000084
_flags                                                        bssCOMRAM    00007E
_fputc                                                        text8        001484
_fputs                                                        text7        001964
_get_pressed_button                                           text20       001394
_get_pressed_button_col                                       text21       001696
_h                                                            bssCOMRAM    00007C
_lcd                                                          bssBANK0     000088
_lcd_cgram                                                    text18       0017FE
_lcd_cls                                                      text16       001A78
_lcd_data                                                     text19       001722
_lcd_init                                                     text15       0018BA
_lcd_update                                                   text14       001566
_led_init                                                     text13       001B3E
_main                                                         text0        001234
_memset                                                       text17       000F0A
_pad                                                          text6        001608
_prec                                                         bssCOMRAM    000078
_putch                                                        text9        001B72
_sprintf                                                      text1        001912
_state                                                        bssCOMRAM    00007F
_vfpfcnvrt                                                    text3        00094A
_vfprintf                                                     text2        00185E
_width                                                        bssBANK0     000086
_xtoa                                                         text4        000B9A
_xtoa$1297                                                    cstackCOMRAM 000030
abs@a                                                         cstackCOMRAM 000013
debounce_button@col                                           cstackCOMRAM 000004
debounce_button@id                                            cstackCOMRAM 000001
dtoa@d                                                        cstackCOMRAM 00001E
dtoa@fp                                                       cstackCOMRAM 00001C
dtoa@i                                                        cstackCOMRAM 00003C
dtoa@n                                                        cstackCOMRAM 000034
dtoa@p                                                        cstackCOMRAM 000030
dtoa@s                                                        cstackCOMRAM 00003E
dtoa@w                                                        cstackCOMRAM 000032
end_of_initialization                                         cinit        001A38
fabsf@F465                                                    bssBANK0     000080
fputc@c                                                       cstackCOMRAM 000001
fputc@fp                                                      cstackCOMRAM 000003
fputs@c                                                       cstackCOMRAM 00000E
fputs@fp                                                      cstackCOMRAM 00000C
fputs@i                                                       cstackCOMRAM 00000F
fputs@s                                                       cstackCOMRAM 00000A
get_pressed_button@col                                        cstackCOMRAM 000005
intlevel0                                                     text         001B7A
intlevel1                                                     text         001B7A
intlevel2                                                     text         001B7A
intlevel3                                                     text         001B7A
isa$std                                                       (abs)        000001
isa$xinst                                                     (abs)        000000
lcd_data@b                                                    cstackCOMRAM 000002
lcd_data@bf                                                   cstackCOMRAM 000003
lcd_data@rs                                                   cstackCOMRAM 000001
lcd_data@trisd_backup                                         cstackCOMRAM 000004
lcd_update@i                                                  cstackCOMRAM 000005
lcd_update@i_546                                              cstackCOMRAM 000007
main@d                                                        cstackCOMRAM 000072
main@i                                                        cstackCOMRAM 000074
main@id                                                       cstackCOMRAM 000076
main@state                                                    cstackCOMRAM 000070
memset@c                                                      cstackCOMRAM 000003
memset@dest                                                   cstackCOMRAM 000001
memset@k                                                      cstackCOMRAM 000009
memset@n                                                      cstackCOMRAM 000005
memset@s                                                      cstackCOMRAM 00000B
pad@buf                                                       cstackCOMRAM 000013
pad@fp                                                        cstackCOMRAM 000011
pad@i                                                         cstackCOMRAM 000018
pad@p                                                         cstackCOMRAM 000015
pad@w                                                         cstackCOMRAM 00001A
sprintf@ap                                                    cstackCOMRAM 000061
sprintf@f                                                     cstackCOMRAM 000063
sprintf@fmt                                                   cstackCOMRAM 00005D
sprintf@s                                                     cstackCOMRAM 00005B
stackhi                                                       (abs)        000000
stacklo                                                       (abs)        000000
start                                                         init         000002
start_initialization                                          cinit        001A00
vfpfcnvrt@ap                                                  cstackCOMRAM 000043
vfpfcnvrt@convarg                                             cstackCOMRAM 000049
vfpfcnvrt@cp                                                  cstackCOMRAM 000051
vfpfcnvrt@fmt                                                 cstackCOMRAM 000041
vfpfcnvrt@fp                                                  cstackCOMRAM 00003F
vfprintf@ap                                                   cstackCOMRAM 000057
vfprintf@cfmt                                                 cstackCOMRAM 000059
vfprintf@fmt                                                  cstackCOMRAM 000055
vfprintf@fp                                                   cstackCOMRAM 000053
xtoa@c                                                        cstackCOMRAM 00003E
xtoa@d                                                        cstackCOMRAM 00001E
xtoa@fp                                                       cstackCOMRAM 00001C
xtoa@i                                                        cstackCOMRAM 00003C
xtoa@n                                                        cstackCOMRAM 000034
xtoa@p                                                        cstackCOMRAM 000032
xtoa@w                                                        cstackCOMRAM 00002E


MODULE INFORMATION

Module		Function		Class		Link	Load	Size
C:\Program Files\Microchip\xc8\v2.40\pic\sources\c99\common\nf_fputc.c
		_fputc         		CODE           	1484	0000	226

C:\Program Files\Microchip\xc8\v2.40\pic\sources\c99\common\nf_fputc.c estimated size: 226

C:\Program Files\Microchip\xc8\v2.40\pic\sources\c99\common\nf_sprintf.c
		_sprintf       		CODE           	1912	0000	82

C:\Program Files\Microchip\xc8\v2.40\pic\sources\c99\common\nf_sprintf.c estimated size: 82

C:\Program Files\Microchip\xc8\v2.40\pic\sources\c99\common\abs.c
		_abs           		CODE           	19B4	0000	76

C:\Program Files\Microchip\xc8\v2.40\pic\sources\c99\common\abs.c estimated size: 76

buttons.c
		_get_pressed_button_col		CODE           	1696	0000	140
		_get_pressed_button		CODE           	1394	0000	240
		_debounce_col_0		CODE           	1ADE	0000	34
		_debounce_col_1		CODE           	1ABC	0000	34
		_debounce_col_2		CODE           	1A9A	0000	34
		_debounce_col_3		CODE           	1B00	0000	34
		_buttons_init  		CODE           	1B22	0000	28
		_debounce_button		CODE           	1796	0000	104

buttons.c estimated size: 648

eeprom.c
		_eeprom_93c46_read		CODE           	1A42	0000	54
		_eeprom_93c46_init		CODE           	1B58	0000	18

eeprom.c estimated size: 72

C:\Program Files\Microchip\xc8\v2.40\pic\sources\c99\common\nf_fputs.c
		_fputs         		CODE           	1964	0000	80

C:\Program Files\Microchip\xc8\v2.40\pic\sources\c99\common\nf_fputs.c estimated size: 80

C:\Program Files\Microchip\xc8\v2.40\pic\sources\c99\common\aomod.c
		___aomod       		CODE           	10A4	0000	400

C:\Program Files\Microchip\xc8\v2.40\pic\sources\c99\common\aomod.c estimated size: 400

shared
		_L5            		SMALLCONST     	0000	0000	0
		_P3            		SMALLCONST     	0000	0000	0
		_L6            		SMALLCONST     	0000	0000	0
		_P4            		SMALLCONST     	0000	0000	0
		_P5            		SMALLCONST     	0000	0000	0
		_lg2_l         		SMALLCONST     	0000	0000	0
		_ivln2_l       		SMALLCONST     	0000	0000	0
		_ivln2         		SMALLCONST     	0000	0000	0
		__initialization		CODE           	1A00	0000	56
		_bp            		SMALLCONST     	0000	0000	0
		_cp            		SMALLCONST     	0000	0000	0
		_cp_h          		SMALLCONST     	0000	0000	0
		_dp_h          		SMALLCONST     	0000	0000	0
		_tiny@sqrtf$F1482		SMALLCONST     	0000	0000	0
		_lg2           		SMALLCONST     	0000	0000	0
		_lg2_h         		SMALLCONST     	0000	0000	0
		_ivln2_h       		SMALLCONST     	0000	0000	0
		_tiny          		SMALLCONST     	0000	0000	0
		_ovt           		SMALLCONST     	0000	0000	0
		_huge          		SMALLCONST     	0000	0000	0
		_two24         		SMALLCONST     	0000	0000	0
		_cp_l          		SMALLCONST     	0000	0000	0
		_dp_l          		SMALLCONST     	0000	0000	0
		_L1            		SMALLCONST     	0000	0000	0
		_L2            		SMALLCONST     	0000	0000	0
		_L3            		SMALLCONST     	0000	0000	0
		_P1            		SMALLCONST     	0000	0000	0
		_L4            		SMALLCONST     	0000	0000	0
		_P2            		SMALLCONST     	0000	0000	0

shared estimated size: 56

C:\Program Files\Microchip\xc8\v2.40\pic\sources\c99\common\memset.c
		_memset        		CODE           	0F0A	0000	410

C:\Program Files\Microchip\xc8\v2.40\pic\sources\c99\common\memset.c estimated size: 410

C:\Program Files\Microchip\xc8\v2.40\pic\sources\c99\common\putch.c
		_putch         		CODE           	1B72	0000	6

C:\Program Files\Microchip\xc8\v2.40\pic\sources\c99\common\putch.c estimated size: 6

lcd.c
		_lcd_cls       		CODE           	1A78	0000	34
		_lcd_data      		CODE           	1722	0000	116
		_lcd_update    		CODE           	1566	0000	162
		_lcd_cgram     		CODE           	17FE	0000	96
		_lcd_init      		CODE           	18BA	0000	88

lcd.c estimated size: 496

C:\Program Files\Microchip\xc8\v2.40\pic\sources\c99\common\doprnt.c
		_vfpfcnvrt     		CODE           	094A	0000	592
		_pad           		CODE           	1608	0000	142
		_dtoa          		CODE           	0692	0000	696
		_vfprintf      		CODE           	185E	0000	92
		_xtoa          		CODE           	0B9A	0000	444

C:\Program Files\Microchip\xc8\v2.40\pic\sources\c99\common\doprnt.c estimated size: 1966

main.c
		_main          		CODE           	1234	0000	352

main.c estimated size: 352

led.c
		_led_init      		CODE           	1B3E	0000	26

led.c estimated size: 26

C:\Program Files\Microchip\xc8\v2.40\pic\sources\c99\common\aodiv.c
		___aodiv       		CODE           	0D56	0000	436

C:\Program Files\Microchip\xc8\v2.40\pic\sources\c99\common\aodiv.c estimated size: 436

